../Core/Src/main.c:109:6:microDelay	16	static
../Core/Src/main.c:115:9:DHT11_Start	32	static
../Core/Src/main.c:146:9:DHT11_Read	16	static
../Core/Src/main.c:173:6:HAL_GPIO_EXTI_Callback	16	static
../Core/Src/main.c:183:6:Display_temp	32	static
../Core/Src/main.c:244:5:main	24	static
../Core/Src/main.c:370:6:SystemClock_Config	88	static
../Core/Src/main.c:417:13:MX_I2C2_Init	8	static
../Core/Src/main.c:451:13:MX_SPI1_Init	8	static
../Core/Src/main.c:489:13:MX_TIM1_Init	32	static
../Core/Src/main.c:535:13:MX_TIM2_Init	64	static
../Core/Src/main.c:594:13:MX_USART2_UART_Init	8	static
../Core/Src/main.c:627:13:MX_GPIO_Init	48	static
../Core/Src/main.c:681:6:Error_Handler	4	static,ignoring_inline_asm
